<?xml version="1.0"?>
<testsuites>
  <testsuite name="PhantomJS 2.1.1 (Mac OS X)" package="" timestamp="2017-02-14T16:30:30" id="0" hostname="Jeffreys-MacBook-Pro.local" tests="58" errors="0" failures="0" time="0.241">
    <properties>
      <property name="browser.fullName" value="Mozilla/5.0 (Macintosh; Intel Mac OS X) AppleWebKit/538.1 (KHTML, like Gecko) PhantomJS/2.1.1 Safari/538.1"/>
    </properties>
    <testcase name="should result in {&quot;r&quot;:&quot;pods&quot;,&quot;g&quot;:&quot;&quot;,&quot;v&quot;:&quot;v1&quot;} when called with &quot;pods&quot;" time="0.021" classname="PhantomJS 2.1.1 (Mac OS X).APIService #toResourceGroupVersion"/>
    <testcase name="should result in {&quot;r&quot;:&quot;pods&quot;,&quot;g&quot;:&quot;&quot;,&quot;v&quot;:&quot;v1&quot;} when called with &quot;Pods&quot;" time="0.005" classname="PhantomJS 2.1.1 (Mac OS X).APIService #toResourceGroupVersion"/>
    <testcase name="should result in {&quot;r&quot;:&quot;pods/FOO&quot;,&quot;g&quot;:&quot;&quot;,&quot;v&quot;:&quot;v1&quot;} when called with &quot;PODS/FOO&quot;" time="0.004" classname="PhantomJS 2.1.1 (Mac OS X).APIService #toResourceGroupVersion"/>
    <testcase name="should result in {&quot;r&quot;:&quot;pods&quot;,&quot;g&quot;:&quot;&quot;,&quot;v&quot;:&quot;v1&quot;} when called with {&quot;resource&quot;:&quot;pods&quot;}" time="0.004" classname="PhantomJS 2.1.1 (Mac OS X).APIService #toResourceGroupVersion"/>
    <testcase name="should result in {&quot;r&quot;:&quot;pods&quot;,&quot;g&quot;:&quot;&quot;,&quot;v&quot;:&quot;v1&quot;} when called with {&quot;resource&quot;:&quot;Pods&quot;}" time="0.004" classname="PhantomJS 2.1.1 (Mac OS X).APIService #toResourceGroupVersion"/>
    <testcase name="should result in {&quot;r&quot;:&quot;pods/FOO&quot;,&quot;g&quot;:&quot;&quot;,&quot;v&quot;:&quot;v1&quot;} when called with {&quot;resource&quot;:&quot;PODS/FOO&quot;}" time="0.003" classname="PhantomJS 2.1.1 (Mac OS X).APIService #toResourceGroupVersion"/>
    <testcase name="should result in {&quot;r&quot;:&quot;pods&quot;,&quot;g&quot;:&quot;&quot;,&quot;v&quot;:&quot;v1&quot;} when called with {&quot;resource&quot;:&quot;pods&quot;,&quot;group&quot;:&quot;&quot;}" time="0.003" classname="PhantomJS 2.1.1 (Mac OS X).APIService #toResourceGroupVersion"/>
    <testcase name="should result in {&quot;r&quot;:&quot;jobs&quot;,&quot;g&quot;:&quot;extensions&quot;,&quot;v&quot;:&quot;v1beta1&quot;} when called with {&quot;resource&quot;:&quot;jobs&quot;,&quot;group&quot;:&quot;extensions&quot;}" time="0.003" classname="PhantomJS 2.1.1 (Mac OS X).APIService #toResourceGroupVersion"/>
    <testcase name="should result in {&quot;r&quot;:&quot;foos&quot;,&quot;g&quot;:&quot;unknown&quot;} when called with {&quot;resource&quot;:&quot;foos&quot;,&quot;group&quot;:&quot;unknown&quot;}" time="0.003" classname="PhantomJS 2.1.1 (Mac OS X).APIService #toResourceGroupVersion"/>
    <testcase name="should result in {&quot;r&quot;:&quot;pods&quot;,&quot;g&quot;:&quot;&quot;,&quot;v&quot;:&quot;v1&quot;} when called with {&quot;resource&quot;:&quot;pods&quot;,&quot;version&quot;:&quot;v1&quot;}" time="0.003" classname="PhantomJS 2.1.1 (Mac OS X).APIService #toResourceGroupVersion"/>
    <testcase name="should result in {&quot;r&quot;:&quot;pods&quot;,&quot;g&quot;:&quot;&quot;,&quot;v&quot;:&quot;v1beta3&quot;} when called with {&quot;resource&quot;:&quot;pods&quot;,&quot;version&quot;:&quot;v1beta3&quot;}" time="0.002" classname="PhantomJS 2.1.1 (Mac OS X).APIService #toResourceGroupVersion"/>
    <testcase name="should result in {&quot;r&quot;:&quot;pods&quot;,&quot;g&quot;:&quot;&quot;,&quot;v&quot;:&quot;v1&quot;} when called with {&quot;resource&quot;:&quot;pods&quot;,&quot;group&quot;:&quot;&quot;,&quot;version&quot;:&quot;v1&quot;}" time="0.003" classname="PhantomJS 2.1.1 (Mac OS X).APIService #toResourceGroupVersion"/>
    <testcase name="should result in {&quot;r&quot;:&quot;pods&quot;,&quot;g&quot;:&quot;&quot;,&quot;v&quot;:&quot;v1beta3&quot;} when called with {&quot;resource&quot;:&quot;pods&quot;,&quot;group&quot;:&quot;&quot;,&quot;version&quot;:&quot;v1beta3&quot;}" time="0.002" classname="PhantomJS 2.1.1 (Mac OS X).APIService #toResourceGroupVersion"/>
    <testcase name="should result in {&quot;r&quot;:&quot;jobs&quot;,&quot;g&quot;:&quot;extensions&quot;,&quot;v&quot;:&quot;v1&quot;} when called with {&quot;resource&quot;:&quot;jobs&quot;,&quot;group&quot;:&quot;extensions&quot;,&quot;version&quot;:&quot;v1&quot;}" time="0.004" classname="PhantomJS 2.1.1 (Mac OS X).APIService #toResourceGroupVersion"/>
    <testcase name="should result in {&quot;r&quot;:&quot;jobs&quot;,&quot;g&quot;:&quot;extensions&quot;,&quot;v&quot;:&quot;v1beta1&quot;} when called with {&quot;resource&quot;:&quot;jobs&quot;,&quot;group&quot;:&quot;extensions&quot;,&quot;version&quot;:&quot;v1beta1&quot;}" time="0.003" classname="PhantomJS 2.1.1 (Mac OS X).APIService #toResourceGroupVersion"/>
    <testcase name="should result in {&quot;r&quot;:&quot;foos&quot;,&quot;g&quot;:&quot;unknown&quot;,&quot;v&quot;:&quot;v1&quot;} when called with {&quot;resource&quot;:&quot;foos&quot;,&quot;group&quot;:&quot;unknown&quot;,&quot;version&quot;:&quot;v1&quot;}" time="0.003" classname="PhantomJS 2.1.1 (Mac OS X).APIService #toResourceGroupVersion"/>
    <testcase name="should result in {&quot;r&quot;:&quot;foos&quot;,&quot;g&quot;:&quot;unknown&quot;,&quot;v&quot;:&quot;v1beta1&quot;} when called with {&quot;resource&quot;:&quot;foos&quot;,&quot;group&quot;:&quot;unknown&quot;,&quot;version&quot;:&quot;v1beta1&quot;}" time="0.004" classname="PhantomJS 2.1.1 (Mac OS X).APIService #toResourceGroupVersion"/>
    <testcase name="should generate a correct URL for null" time="0.02" classname="PhantomJS 2.1.1 (Mac OS X).DataService #url"/>
    <testcase name="should generate a correct URL for {}" time="0.006" classname="PhantomJS 2.1.1 (Mac OS X).DataService #url"/>
    <testcase name="should generate a correct URL for {&quot;resource&quot;:&quot;&quot;}" time="0.004" classname="PhantomJS 2.1.1 (Mac OS X).DataService #url"/>
    <testcase name="should generate a correct URL for {&quot;resource&quot;:&quot;bogus&quot;}" time="0.004" classname="PhantomJS 2.1.1 (Mac OS X).DataService #url"/>
    <testcase name="should generate a correct URL for {&quot;resource&quot;:&quot;Pod&quot;}" time="0.003" classname="PhantomJS 2.1.1 (Mac OS X).DataService #url"/>
    <testcase name="should generate a correct URL for {&quot;resource&quot;:&quot;User&quot;}" time="0.003" classname="PhantomJS 2.1.1 (Mac OS X).DataService #url"/>
    <testcase name="should generate a correct URL for {&quot;resource&quot;:&quot;users&quot;}" time="0.005" classname="PhantomJS 2.1.1 (Mac OS X).DataService #url"/>
    <testcase name="should generate a correct URL for {&quot;resource&quot;:&quot;Users&quot;}" time="0.004" classname="PhantomJS 2.1.1 (Mac OS X).DataService #url"/>
    <testcase name="should generate a correct URL for {&quot;resource&quot;:&quot;oauthaccesstokens&quot;}" time="0.004" classname="PhantomJS 2.1.1 (Mac OS X).DataService #url"/>
    <testcase name="should generate a correct URL for {&quot;resource&quot;:&quot;OAuthAccessTokens&quot;}" time="0.004" classname="PhantomJS 2.1.1 (Mac OS X).DataService #url"/>
    <testcase name="should generate a correct URL for {&quot;resource&quot;:&quot;pods&quot;}" time="0.003" classname="PhantomJS 2.1.1 (Mac OS X).DataService #url"/>
    <testcase name="should generate a correct URL for {&quot;resource&quot;:&quot;Pods&quot;}" time="0.014" classname="PhantomJS 2.1.1 (Mac OS X).DataService #url"/>
    <testcase name="should generate a correct URL for {&quot;resource&quot;:&quot;builds&quot;}" time="0.003" classname="PhantomJS 2.1.1 (Mac OS X).DataService #url"/>
    <testcase name="should generate a correct URL for {&quot;resource&quot;:&quot;builds&quot;,&quot;namespace&quot;:&quot;foo&quot;}" time="0.002" classname="PhantomJS 2.1.1 (Mac OS X).DataService #url"/>
    <testcase name="should generate a correct URL for {&quot;resource&quot;:&quot;builds&quot;,&quot;name&quot;:&quot;bar&quot;}" time="0.003" classname="PhantomJS 2.1.1 (Mac OS X).DataService #url"/>
    <testcase name="should generate a correct URL for {&quot;resource&quot;:&quot;builds&quot;,&quot;namespace&quot;:&quot;foo&quot;,&quot;name&quot;:&quot;bar&quot;}" time="0.003" classname="PhantomJS 2.1.1 (Mac OS X).DataService #url"/>
    <testcase name="should generate a correct URL for {&quot;resource&quot;:&quot;replicationcontrollers&quot;}" time="0.002" classname="PhantomJS 2.1.1 (Mac OS X).DataService #url"/>
    <testcase name="should generate a correct URL for {&quot;resource&quot;:&quot;replicationcontrollers&quot;,&quot;namespace&quot;:&quot;foo&quot;}" time="0.003" classname="PhantomJS 2.1.1 (Mac OS X).DataService #url"/>
    <testcase name="should generate a correct URL for {&quot;resource&quot;:&quot;replicationcontrollers&quot;,&quot;name&quot;:&quot;bar&quot;}" time="0.002" classname="PhantomJS 2.1.1 (Mac OS X).DataService #url"/>
    <testcase name="should generate a correct URL for {&quot;resource&quot;:&quot;replicationcontrollers&quot;,&quot;namespace&quot;:&quot;foo&quot;,&quot;name&quot;:&quot;bar&quot;}" time="0.003" classname="PhantomJS 2.1.1 (Mac OS X).DataService #url"/>
    <testcase name="should generate a correct URL for {&quot;resource&quot;:&quot;pods/proxy&quot;,&quot;name&quot;:&quot;mypod:1123&quot;,&quot;namespace&quot;:&quot;foo&quot;}" time="0.004" classname="PhantomJS 2.1.1 (Mac OS X).DataService #url"/>
    <testcase name="should generate a correct URL for {&quot;resource&quot;:&quot;builds/clone&quot;,&quot;name&quot;:&quot;mybuild&quot;,&quot;namespace&quot;:&quot;foo&quot;}" time="0.005" classname="PhantomJS 2.1.1 (Mac OS X).DataService #url"/>
    <testcase name="should generate a correct URL for {&quot;resource&quot;:&quot;buildconfigs/instantiate&quot;,&quot;name&quot;:&quot;mycfg&quot;,&quot;namespace&quot;:&quot;foo&quot;}" time="0.002" classname="PhantomJS 2.1.1 (Mac OS X).DataService #url"/>
    <testcase name="should generate a correct URL for {&quot;resource&quot;:&quot;buildconfigs/webhooks/123/github&quot;,&quot;name&quot;:&quot;mycfg&quot;,&quot;namespace&quot;:&quot;foo&quot;}" time="0.003" classname="PhantomJS 2.1.1 (Mac OS X).DataService #url"/>
    <testcase name="should generate a correct URL for {&quot;resource&quot;:&quot;buildconfigs/webhooks/123?234/github&quot;,&quot;name&quot;:&quot;mycfg&quot;,&quot;namespace&quot;:&quot;foo&quot;}" time="0.002" classname="PhantomJS 2.1.1 (Mac OS X).DataService #url"/>
    <testcase name="should generate a correct URL for {&quot;resource&quot;:&quot;buildconfigs/webhooks/Aa1/github&quot;,&quot;name&quot;:&quot;mycfg&quot;,&quot;namespace&quot;:&quot;foo&quot;}" time="0.003" classname="PhantomJS 2.1.1 (Mac OS X).DataService #url"/>
    <testcase name="should generate a correct URL for {&quot;resource&quot;:&quot;pods&quot;,&quot;namespace&quot;:&quot;foo&quot;,&quot;isWebsocket&quot;:true}" time="0.002" classname="PhantomJS 2.1.1 (Mac OS X).DataService #url"/>
    <testcase name="should generate a correct URL for {&quot;resource&quot;:&quot;pods&quot;,&quot;namespace&quot;:&quot;foo&quot;,&quot;isWebsocket&quot;:true,&quot;watch&quot;:true}" time="0.003" classname="PhantomJS 2.1.1 (Mac OS X).DataService #url"/>
    <testcase name="should generate a correct URL for {&quot;resource&quot;:&quot;pods&quot;,&quot;namespace&quot;:&quot;foo&quot;,&quot;isWebsocket&quot;:true,&quot;watch&quot;:true,&quot;resourceVersion&quot;:&quot;5&quot;}" time="0.003" classname="PhantomJS 2.1.1 (Mac OS X).DataService #url"/>
    <testcase name="should generate a correct URL for {&quot;resource&quot;:&quot;pods/log&quot;,&quot;namespace&quot;:&quot;foo&quot;,&quot;isWebsocket&quot;:true,&quot;follow&quot;:true}" time="0.002" classname="PhantomJS 2.1.1 (Mac OS X).DataService #url"/>
    <testcase name="should generate a correct URL for {&quot;resource&quot;:&quot;builds/log&quot;,&quot;namespace&quot;:&quot;foo&quot;,&quot;isWebsocket&quot;:true,&quot;follow&quot;:true}" time="0.003" classname="PhantomJS 2.1.1 (Mac OS X).DataService #url"/>
    <testcase name="should generate a correct URL for {&quot;resource&quot;:&quot;pods/log&quot;,&quot;name&quot;:&quot;p&quot;,&quot;namespace&quot;:&quot;foo&quot;,&quot;isWebsocket&quot;:true,&quot;follow&quot;:true}" time="0.004" classname="PhantomJS 2.1.1 (Mac OS X).DataService #url"/>
    <testcase name="should generate a correct URL for {&quot;resource&quot;:&quot;builds/log&quot;,&quot;name&quot;:&quot;b&quot;,&quot;namespace&quot;:&quot;foo&quot;,&quot;isWebsocket&quot;:true,&quot;follow&quot;:true}" time="0.006" classname="PhantomJS 2.1.1 (Mac OS X).DataService #url"/>
    <testcase name="should generate a correct URL for {&quot;resource&quot;:&quot;pods/proxy&quot;,&quot;name&quot;:&quot;mypod&quot;,&quot;namespace&quot;:&quot;myns&quot;,&quot;myparam1&quot;:&quot;myvalue&quot;}" time="0.003" classname="PhantomJS 2.1.1 (Mac OS X).DataService #url"/>
    <testcase name="should generate a correct URL for {&quot;resource&quot;:&quot;builds&quot;,&quot;version&quot;:&quot;v1beta3&quot;}" time="0.004" classname="PhantomJS 2.1.1 (Mac OS X).DataService #url"/>
    <testcase name="should generate a correct URL for {&quot;resource&quot;:&quot;builds&quot;,&quot;version&quot;:&quot;v1&quot;}" time="0.003" classname="PhantomJS 2.1.1 (Mac OS X).DataService #url"/>
    <testcase name="should generate a correct URL for {&quot;resource&quot;:&quot;builds&quot;,&quot;version&quot;:&quot;unknown&quot;}" time="0.003" classname="PhantomJS 2.1.1 (Mac OS X).DataService #url"/>
    <testcase name="should generate a correct URL for {&quot;resource&quot;:&quot;pods&quot;,&quot;version&quot;:&quot;v1beta3&quot;}" time="0.007" classname="PhantomJS 2.1.1 (Mac OS X).DataService #url"/>
    <testcase name="should generate a correct URL for {&quot;resource&quot;:&quot;pods&quot;,&quot;version&quot;:&quot;v1&quot;}" time="0.003" classname="PhantomJS 2.1.1 (Mac OS X).DataService #url"/>
    <testcase name="should generate a correct URL for {&quot;resource&quot;:&quot;pods&quot;,&quot;version&quot;:&quot;unknown&quot;}" time="0.003" classname="PhantomJS 2.1.1 (Mac OS X).DataService #url"/>
    <testcase name="should generate a correct URL for {&quot;resource&quot;:&quot;jobs&quot;,&quot;group&quot;:&quot;extensions&quot;,&quot;version&quot;:&quot;v1beta1&quot;}" time="0.004" classname="PhantomJS 2.1.1 (Mac OS X).DataService #url"/>
    <system-out><![CDATA[PhantomJS 2.1.1 (Mac OS X) ERROR: '[OpenShift] _urlForResource called with unknown resource', ResourceGroupVersion{resource: 'bogus', group: '', version: 'v1'}, Object{0: ResourceGroupVersion{resource: 'bogus', group: '', version: 'v1'}, 1: undefined, 2: null, 3: false, 4: Object{}}
,PhantomJS 2.1.1 (Mac OS X) ERROR: '[OpenShift] _urlForResource called with unknown resource', ResourceGroupVersion{resource: 'pod', group: '', version: 'v1'}, Object{0: ResourceGroupVersion{resource: 'pod', group: '', version: 'v1'}, 1: undefined, 2: null, 3: false, 4: Object{}}
,PhantomJS 2.1.1 (Mac OS X) ERROR: '[OpenShift] _urlForResource called with unknown resource', ResourceGroupVersion{resource: 'user', group: '', version: 'v1'}, Object{0: ResourceGroupVersion{resource: 'user', group: '', version: 'v1'}, 1: undefined, 2: null, 3: false, 4: Object{}}
,PhantomJS 2.1.1 (Mac OS X) ERROR: '[OpenShift] _urlForResource called with unknown resource', ResourceGroupVersion{resource: 'builds', group: '', version: 'v1beta3'}, Object{0: ResourceGroupVersion{resource: 'builds', group: '', version: 'v1beta3'}, 1: undefined, 2: null, 3: false, 4: Object{}}
,PhantomJS 2.1.1 (Mac OS X) ERROR: '[OpenShift] _urlForResource called with unknown resource', ResourceGroupVersion{resource: 'builds', group: '', version: 'unknown'}, Object{0: ResourceGroupVersion{resource: 'builds', group: '', version: 'unknown'}, 1: undefined, 2: null, 3: false, 4: Object{}}
,PhantomJS 2.1.1 (Mac OS X) ERROR: '[OpenShift] _urlForResource called with unknown resource', ResourceGroupVersion{resource: 'pods', group: '', version: 'v1beta3'}, Object{0: ResourceGroupVersion{resource: 'pods', group: '', version: 'v1beta3'}, 1: undefined, 2: null, 3: false, 4: Object{}}
,PhantomJS 2.1.1 (Mac OS X) ERROR: '[OpenShift] _urlForResource called with unknown resource', ResourceGroupVersion{resource: 'pods', group: '', version: 'unknown'}, Object{0: ResourceGroupVersion{resource: 'pods', group: '', version: 'unknown'}, 1: undefined, 2: null, 3: false, 4: Object{}}

]]></system-out>
    <system-err/>
  </testsuite>
</testsuites>
